
> tempapp@0.1.0 build
> next build

Γû▓ Next.js 16.1.6 (Turbopack)
- Environments: .env.local

node.exe : ΓÜá The 
"middleware" file 
convention is 
deprecated. Please 
use "proxy" instead. 
Learn more: https://ne
xtjs.org/docs/messages
/middleware-to-proxy
At line:1 char:1
+ & "C:\Program Files\
nodejs/node.exe" 
"C:\Program 
Files\nodejs/node_mo 
...
+ ~~~~~~~~~~~~~~~~~~~~
~~~~~~~~~~~~~~~~~~~~~~
~~~~~~~~~~~~~~~~~~~~~~
~~~~~
    + CategoryInfo    
          : NotSpeci  
  fied: (ΓÜá The "m   
 iddle...leware-to    
-proxy:String) []    
, RemoteException
    + FullyQualifiedE 
   rrorId : NativeCo  
  mmandError
 
  Creating an optimized production build ...

> Build error occurred
Error: Turbopack 
build failed with 4 
errors:
./app/admin/dashboard/
analytics/page.tsx:1:2
0
Ecmascript file had 
an error
[0m[31m[1m>[22m[3
9m[90m 1 |[39m 
[36mimport[39m { 
useState[33m,[39m 
useRef } 
[36mfrom[39m [32m"r
eact"[39m[33m;[39m
 [90m   |[39m       
             [31m[1m
^[22m[39m[31m[1m^
[22m[39m[31m[1m^[2
2m[39m[31m[1m^[22m
[39m[31m[1m^[22m[
39m[31m[1m^[22m[39
m
 [90m 2 |[39m 
[36mimport[39m { [3
3mResponsiveContainer
[39m[33m,[39m [33mA
reaChart[39m[33m,[3
9m [33mArea[39m[33m
,[39m [33mXAxis[39m
[33m,[39m [33mToolt
ip[39m[33m,[39m [3
3mPieChart[39m[33m,
[39m [33mPie[39m[33
m,[39m 
[33mCell[39m } 
[36mfrom[39m [32m"r
echarts"[39m[33m;[3
9m
 [90m 3 |[39m 
[36mimport[39m { [3
3mArrowDownTrayIcon[3
9m[33m,[39m [33mCal
endarIcon[39m[33m,[
39m [33mAcademicCapIc
on[39m[33m,[39m [3
3mViewColumnsIcon[39m
[33m,[39m [33mChart
BarIcon[39m[33m,[39
m [33mChartPieIcon[3
9m[33m,[39m [33mUse
rGroupIcon[39m[33m,
[39m 
[33mXMarkIcon[39m } 
[36mfrom[39m [32m"@
heroicons/react/24/out
line"[39m[33m;[39m
 [90m 4 |[39m 
[36mimport[39m 
jsPDF [36mfrom[39m 
[32m"jspdf"[39m[33m;
[39m[0m

You're importing a 
component that needs 
`useRef`. This React 
Hook only works in a 
Client Component. To 
fix, mark the file 
(or its parent) with 
the `"use client"` 
directive.

 Learn more: https://n
extjs.org/docs/app/api
-reference/directives/
use-client




./app/admin/dashboard/
analytics/page.tsx:1:1
0
Ecmascript file had 
an error
[0m[31m[1m>[22m[3
9m[90m 1 |[39m 
[36mimport[39m { 
useState[33m,[39m 
useRef } 
[36mfrom[39m [32m"r
eact"[39m[33m;[39m
 [90m   |[39m       
   [31m[1m^[22m[39
m[31m[1m^[22m[39m
[31m[1m^[22m[39m[3
1m[1m^[22m[39m[31m
[1m^[22m[39m[31m[
1m^[22m[39m[31m[1m
^[22m[39m[31m[1m^
[22m[39m
 [90m 2 |[39m 
[36mimport[39m { [3
3mResponsiveContainer
[39m[33m,[39m [33mA
reaChart[39m[33m,[3
9m [33mArea[39m[33m
,[39m [33mXAxis[39m
[33m,[39m [33mToolt
ip[39m[33m,[39m [3
3mPieChart[39m[33m,
[39m [33mPie[39m[33
m,[39m 
[33mCell[39m } 
[36mfrom[39m [32m"r
echarts"[39m[33m;[3
9m
 [90m 3 |[39m 
[36mimport[39m { [3
3mArrowDownTrayIcon[3
9m[33m,[39m [33mCal
endarIcon[39m[33m,[
39m [33mAcademicCapIc
on[39m[33m,[39m [3
3mViewColumnsIcon[39m
[33m,[39m [33mChart
BarIcon[39m[33m,[39
m [33mChartPieIcon[3
9m[33m,[39m [33mUse
rGroupIcon[39m[33m,
[39m 
[33mXMarkIcon[39m } 
[36mfrom[39m [32m"@
heroicons/react/24/out
line"[39m[33m;[39m
 [90m 4 |[39m 
[36mimport[39m 
jsPDF [36mfrom[39m 
[32m"jspdf"[39m[33m;
[39m[0m

You're importing a 
component that needs 
`useState`. This 
React Hook only works 
in a Client 
Component. To fix, 
mark the file (or its 
parent) with the 
`"use client"` 
directive.

 Learn more: https://n
extjs.org/docs/app/api
-reference/directives/
use-client




./app/admin/dashboard/
layout.tsx:14:1
Module not found: 
Can't resolve '@/app/c
omponents/student/Dash
boardFooter'
[0m [90m 12 |[39m  
   [33mPresentationCh
artLineIcon[39m
 [90m 13 |[39m } 
[36mfrom[39m [32m"@
heroicons/react/24/out
line"[39m[33m;[39m
[31m[1m>[22m[39m[
90m 14 |[39m 
[36mimport[39m [33m
DashboardFooter[39m 
[36mfrom[39m [32m"@
/app/components/studen
t/DashboardFooter"[39
m[33m;[39m
 [90m    |[39m [31m
[1m^[22m[39m[31m[
1m^[22m[39m[31m[1m
^[22m[39m[31m[1m^
[22m[39m[31m[1m^[2
2m[39m[31m[1m^[22m
[39m[31m[1m^[22m[
39m[31m[1m^[22m[39
m[31m[1m^[22m[39m
[31m[1m^[22m[39m[3
1m[1m^[22m[39m[31m
[1m^[22m[39m[31m[
1m^[22m[39m[31m[1m
^[22m[39m[31m[1m^
[22m[39m[31m[1m^[2
2m[39m[31m[1m^[22m
[39m[31m[1m^[22m[
39m[31m[1m^[22m[39
m[31m[1m^[22m[39m
[31m[1m^[22m[39m[3
1m[1m^[22m[39m[31m
[1m^[22m[39m[31m[
1m^[22m[39m[31m[1m
^[22m[39m[31m[1m^
[22m[39m[31m[1m^[2
2m[39m[31m[1m^[22m
[39m[31m[1m^[22m[
39m[31m[1m^[22m[39
m[31m[1m^[22m[39m
[31m[1m^[22m[39m[3
1m[1m^[22m[39m[31m
[1m^[22m[39m[31m[
1m^[22m[39m[31m[1m
^[22m[39m[31m[1m^
[22m[39m[31m[1m^[2
2m[39m[31m[1m^[22m
[39m[31m[1m^[22m[
39m[31m[1m^[22m[39
m[31m[1m^[22m[39m
[31m[1m^[22m[39m[3
1m[1m^[22m[39m[31m
[1m^[22m[39m[31m[
1m^[22m[39m[31m[1m
^[22m[39m[31m[1m^
[22m[39m[31m[1m^[2
2m[39m[31m[1m^[22m
[39m[31m[1m^[22m[
39m[31m[1m^[22m[39
m[31m[1m^[22m[39m
[31m[1m^[22m[39m[3
1m[1m^[22m[39m[31m
[1m^[22m[39m[31m[
1m^[22m[39m[31m[1m
^[22m[39m[31m[1m^
[22m[39m[31m[1m^[2
2m[39m[31m[1m^[22m
[39m[31m[1m^[22m[
39m[31m[1m^[22m[39
m[31m[1m^[22m[39m
[31m[1m^[22m[39m[3
1m[1m^[22m[39m[31m
[1m^[22m[39m[31m[
1m^[22m[39m[31m[1m
^[22m[39m[31m[1m^
[22m[39m[31m[1m^[2
2m[39m
 [90m 15 |[39m
 [90m 16 |[39m 
[36mexport[39m 
[36mdefault[39m 
[36mfunction[39m [3
3mAdminDashboardLayout
[39m({
 [90m 17 |[39m     c
hildren[33m,[39m[0m

Import map: aliased 
to relative './app/app
/components/student/Da
shboardFooter' inside 
of [project]/


Import traces:
  Client Component 
Browser:
    ./app/admin/dashbo
ard/layout.tsx 
[Client Component 
Browser]
    ./app/admin/dashbo
ard/layout.tsx 
[Server Component]

  Client Component 
SSR:
    ./app/admin/dashbo
ard/layout.tsx 
[Client Component SSR]
    ./app/admin/dashbo
ard/layout.tsx 
[Server Component]

https://nextjs.org/doc
s/messages/module-not-
found


./app/admin/dashboard/
page.tsx:16:1
Module not found: 
Can't resolve '@/app/s
tore/useAdminStore'
[0m [90m 14 |[39m 
} [36mfrom[39m [32m
"@heroicons/react/24/o
utline"[39m[33m;[39
m
 [90m 15 |[39m 
[36mimport[39m { 
useRouter } 
[36mfrom[39m [32m"n
ext/navigation"[39m[
33m;[39m
[31m[1m>[22m[39m[
90m 16 |[39m 
[36mimport[39m { 
useAdminStore } 
[36mfrom[39m [32m"@
/app/store/useAdminSto
re"[39m[33m;[39m
 [90m    |[39m [31m
[1m^[22m[39m[31m[
1m^[22m[39m[31m[1m
^[22m[39m[31m[1m^
[22m[39m[31m[1m^[2
2m[39m[31m[1m^[22m
[39m[31m[1m^[22m[
39m[31m[1m^[22m[39
m[31m[1m^[22m[39m
[31m[1m^[22m[39m[3
1m[1m^[22m[39m[31m
[1m^[22m[39m[31m[
1m^[22m[39m[31m[1m
^[22m[39m[31m[1m^
[22m[39m[31m[1m^[2
2m[39m[31m[1m^[22m
[39m[31m[1m^[22m[
39m[31m[1m^[22m[39
m[31m[1m^[22m[39m
[31m[1m^[22m[39m[3
1m[1m^[22m[39m[31m
[1m^[22m[39m[31m[
1m^[22m[39m[31m[1m
^[22m[39m[31m[1m^
[22m[39m[31m[1m^[2
2m[39m[31m[1m^[22m
[39m[31m[1m^[22m[
39m[31m[1m^[22m[39
m[31m[1m^[22m[39m
[31m[1m^[22m[39m[3
1m[1m^[22m[39m[31m
[1m^[22m[39m[31m[
1m^[22m[39m[31m[1m
^[22m[39m[31m[1m^
[22m[39m[31m[1m^[2
2m[39m[31m[1m^[22m
[39m[31m[1m^[22m[
39m[31m[1m^[22m[39
m[31m[1m^[22m[39m
[31m[1m^[22m[39m[3
1m[1m^[22m[39m[31m
[1m^[22m[39m[31m[
1m^[22m[39m[31m[1m
^[22m[39m[31m[1m^
[22m[39m[31m[1m^[2
2m[39m[31m[1m^[22m
[39m[31m[1m^[22m[
39m[31m[1m^[22m[39
m[31m[1m^[22m[39m
[31m[1m^[22m[39m[3
1m[1m^[22m[39m[31m
[1m^[22m[39m[31m[
1m^[22m[39m[31m[1m
^[22m[39m
 [90m 17 |[39m
 [90m 18 |[39m 
[36mexport[39m 
[36mdefault[39m 
[36mfunction[39m [3
3mAnalyticsDashboard[
39m() {
 [90m 19 |[39m     
[36mconst[39m 
router [33m=[39m use
Router()[33m;[39m[0
m

Import map: aliased 
to relative './app/app
/store/useAdminStore' 
inside of [project]/


Import traces:
  Client Component 
Browser:
    ./app/admin/dashbo
ard/page.tsx [Client 
Component Browser]
    ./app/admin/dashbo
ard/page.tsx [Server 
Component]

  Client Component 
SSR:
    ./app/admin/dashbo
ard/page.tsx [Client 
Component SSR]
    ./app/admin/dashbo
ard/page.tsx [Server 
Component]

https://nextjs.org/doc
s/messages/module-not-
found


    at <unknown> (./ap
p/admin/dashboard/anal
ytics/page.tsx:1:20)
    at <unknown> (./ap
p/admin/dashboard/anal
ytics/page.tsx:1:10)
    at <unknown> (./ap
p/admin/dashboard/layo
ut.tsx:14:1)
    at <unknown> (http
s://nextjs.org/docs/me
ssages/module-not-foun
d)
    at <unknown> (./ap
p/admin/dashboard/page
.tsx:16:1)
    at <unknown> (http
s://nextjs.org/docs/me
ssages/module-not-foun
d)
